TAP version 13
# Subtest: A06: default normal transition honors the scene duration rather than 100 ms
ok 1 - A06: default normal transition honors the scene duration rather than 100 ms
  ---
  duration_ms: 3651.143041
  type: 'test'
  ...
# Subtest: A08: silent midpoint, backward and repeated seeks sample the same pose and stop there
ok 2 - A08: silent midpoint, backward and repeated seeks sample the same pose and stop there
  ---
  duration_ms: 1892.378167
  type: 'test'
  ...
# Subtest: A05: silent pause freezes the movement; resume continues from that position
ok 3 - A05: silent pause freezes the movement; resume continues from that position
  ---
  duration_ms: 2125.754625
  type: 'test'
  ...
# Subtest: timeline motion is visible even if normal scene animation is disabled
ok 4 - timeline motion is visible even if normal scene animation is disabled
  ---
  duration_ms: 574.200959
  type: 'test'
  ...
# Subtest: route control, light fades and machinery all sample the same transition progress
ok 5 - route control, light fades and machinery all sample the same transition progress
  ---
  duration_ms: 841.953584
  type: 'test'
  ...
# Subtest: audio currentTime drives mid-transition seek, pause and resume without drifting
ok 6 - audio currentTime drives mid-transition seek, pause and resume without drifting
  ---
  duration_ms: 1909.99325
  type: 'test'
  ...
# Subtest: saved canonical coordinates survive pause, shelf, reload and export/import
ok 7 - saved canonical coordinates survive pause, shelf, reload and export/import
  ---
  duration_ms: 2034.833834
  type: 'test'
  ...
# Subtest: Music Sync uses lead/early, curve and facing for silent seek and pause
ok 8 - Music Sync uses lead/early, curve and facing for silent seek and pause
  ---
  duration_ms: 1627.707709
  type: 'test'
  ...
# Subtest: A/B wrap resamples the move instead of continuing the old animation
ok 9 - A/B wrap resamples the move instead of continuing the old animation
  ---
  duration_ms: 1612.087333
  type: 'test'
  ...
# Subtest: A06: null scene duration uses the configured global animation duration
ok 10 - A06: null scene duration uses the configured global animation duration
  ---
  duration_ms: 757.80575
  type: 'test'
  ...
# Subtest: Music Sync audio playback and seek have a single pose writer
not ok 11 - Music Sync audio playback and seek have a single pose writer
  ---
  duration_ms: 10691.998625
  type: 'test'
  location: '/private/tmp/stage-pages-transport-20260914/tests/stage-timeline-transport.browser.mjs:197:1'
  failureType: 'testCodeFailure'
  error: 'page.waitForFunction: Timeout 10000ms exceeded.'
  code: 'ERR_TEST_FAILURE'
  name: 'TimeoutError'
  stack: |-
    TestContext.<anonymous> (/private/tmp/stage-pages-transport-20260914/tests/stage-timeline-transport.browser.mjs:203:11)
  ...
1..11
# tests 11
# suites 0
# pass 10
# fail 1
# cancelled 0
# skipped 0
# todo 0
# duration_ms 27892.852791
