[04:20:52] seed=43 wave=b lang=ja 開始
[1/1] 波B ja 1440x900 — 32ショー
完了: 致命0 / 描画エラー0 / データ指摘0 / 警告0
[04:21:48] seed=43 wave=b lang=ja 終了 exit=0 :: 致命 0件 / 描画エラー 0件 データ指摘 0件 / 警告 0件 
[04:21:48] seed=43 wave=b lang=en 開始
[1/1] 波B en 1440x900 — 32ショー
完了: 致命0 / 描画エラー0 / データ指摘0 / 警告0
[04:22:47] seed=43 wave=b lang=en 終了 exit=0 :: 致命 0件 / 描画エラー 0件 データ指摘 0件 / 警告 0件 
[04:22:47] seed=43 wave=a lang=ja 開始
[1/1] 波A ja 1440x900 — 32ショー
完了: 致命0 / 描画エラー0 / データ指摘0 / 警告0
[04:35:08] 確定版マトリクス（18通り）開始
[04:51:21] マトリクス終了 exit=0 :: 致命 0件 / 描画エラー 0件 データ指摘 0件 / 警告 0件 
[04:51:21] seed=43 wave=b 密度=high lang=ja 開始
[1/1] 波B ja 1440x900 持ち密度high — 32ショー
完了: 致命0 / 描画エラー0 / データ指摘0 / 警告0
[04:52:17] seed=43 wave=b 密度=high lang=ja 終了 exit=0 :: 致命 0件 / 描画エラー 0件 データ指摘 0件 / 警告 0件 
[04:52:17] seed=43 wave=b 密度=high lang=en 開始
[1/1] 波B en 1440x900 持ち密度high — 32ショー
完了: 致命0 / 描画エラー0 / データ指摘0 / 警告0
[04:53:15] seed=43 wave=b 密度=high lang=en 終了 exit=0 :: 致命 0件 / 描画エラー 0件 データ指摘 0件 / 警告 0件 
[04:53:15] seed=43 wave=b 密度=low lang=ja 開始
[1/1] 波B ja 1440x900 — 32ショー
完了: 致命0 / 描画エラー0 / データ指摘0 / 警告0
[04:54:11] seed=43 wave=b 密度=low lang=ja 終了 exit=0 :: 致命 0件 / 描画エラー 0件 データ指摘 0件 / 警告 0件 
[04:54:11] seed=43 wave=a 密度=low lang=ja 開始
[1/1] 波A ja 1440x900 — 32ショー
完了: 致命0 / 描画エラー0 / データ指摘0 / 警告0
[04:55:05] seed=43 wave=a 密度=low lang=ja 終了 exit=0 :: 致命 0件 / 描画エラー 0件 データ指摘 0件 / 警告 0件 
[04:55:05] seed=43 wave=a 密度=low lang=en 開始
[1/1] 波A en 1440x900 — 32ショー
完了: 致命0 / 描画エラー0 / データ指摘0 / 警告0
[04:56:01] seed=43 wave=a 密度=low lang=en 終了 exit=0 :: 致命 0件 / 描画エラー 0件 データ指摘 0件 / 警告 0件 
[04:56:01] seed=43 wave=b 密度=low lang=en 開始
[1/1] 波B en 1440x900 — 32ショー
完了: 致命0 / 描画エラー0 / データ指摘0 / 警告0
[04:56:59] seed=43 wave=b 密度=low lang=en 終了 exit=0 :: 致命 0件 / 描画エラー 0件 データ指摘 0件 / 警告 0件 
[04:56:59] seed=44 wave=b 密度=high lang=ja 開始
[1/1] 波B ja 1440x900 持ち密度high — 32ショー
完了: 致命0 / 描画エラー0 / データ指摘0 / 警告0
[04:57:55] seed=44 wave=b 密度=high lang=ja 終了 exit=0 :: 致命 0件 / 描画エラー 0件 データ指摘 0件 / 警告 0件 
[04:57:55] seed=44 wave=b 密度=high lang=en 開始
[1/1] 波B en 1440x900 持ち密度high — 32ショー
完了: 致命0 / 描画エラー0 / データ指摘0 / 警告0
[04:58:54] seed=44 wave=b 密度=high lang=en 終了 exit=0 :: 致命 0件 / 描画エラー 0件 データ指摘 0件 / 警告 0件 
[04:58:54] seed=44 wave=b 密度=low lang=ja 開始
[1/1] 波B ja 1440x900 — 32ショー
完了: 致命0 / 描画エラー0 / データ指摘0 / 警告0
[04:59:50] seed=44 wave=b 密度=low lang=ja 終了 exit=0 :: 致命 0件 / 描画エラー 0件 データ指摘 0件 / 警告 0件 
[04:59:50] seed=44 wave=a 密度=low lang=ja 開始
[1/1] 波A ja 1440x900 — 32ショー
完了: 致命0 / 描画エラー0 / データ指摘0 / 警告0
[05:00:44] seed=44 wave=a 密度=low lang=ja 終了 exit=0 :: 致命 0件 / 描画エラー 0件 データ指摘 0件 / 警告 0件 
[05:00:44] seed=44 wave=a 密度=low lang=en 開始
[1/1] 波A en 1440x900 — 32ショー
完了: 致命0 / 描画エラー0 / データ指摘0 / 警告0
[05:01:40] seed=44 wave=a 密度=low lang=en 終了 exit=0 :: 致命 0件 / 描画エラー 0件 データ指摘 0件 / 警告 0件 
[05:01:40] seed=44 wave=b 密度=low lang=en 開始
[1/1] 波B en 1440x900 — 32ショー
完了: 致命0 / 描画エラー0 / データ指摘0 / 警告0
[05:02:38] seed=44 wave=b 密度=low lang=en 終了 exit=0 :: 致命 0件 / 描画エラー 0件 データ指摘 0件 / 警告 0件 
[05:02:38] seed=45 wave=b 密度=high lang=ja 開始
[1/1] 波B ja 1440x900 持ち密度high — 32ショー
完了: 致命0 / 描画エラー0 / データ指摘0 / 警告0
[05:03:34] seed=45 wave=b 密度=high lang=ja 終了 exit=0 :: 致命 0件 / 描画エラー 0件 データ指摘 0件 / 警告 0件 
[05:03:34] seed=45 wave=b 密度=high lang=en 開始
[1/1] 波B en 1440x900 持ち密度high — 32ショー
完了: 致命0 / 描画エラー0 / データ指摘0 / 警告0
[05:04:33] seed=45 wave=b 密度=high lang=en 終了 exit=0 :: 致命 0件 / 描画エラー 0件 データ指摘 0件 / 警告 0件 
[05:04:33] seed=45 wave=b 密度=low lang=ja 開始
[1/1] 波B ja 1440x900 — 32ショー
完了: 致命0 / 描画エラー0 / データ指摘0 / 警告0
[05:05:29] seed=45 wave=b 密度=low lang=ja 終了 exit=0 :: 致命 0件 / 描画エラー 0件 データ指摘 0件 / 警告 0件 
[05:05:29] seed=45 wave=a 密度=low lang=ja 開始
[1/1] 波A ja 1440x900 — 32ショー
完了: 致命0 / 描画エラー0 / データ指摘0 / 警告0
[05:06:23] seed=45 wave=a 密度=low lang=ja 終了 exit=0 :: 致命 0件 / 描画エラー 0件 データ指摘 0件 / 警告 0件 
[05:06:23] seed=45 wave=a 密度=low lang=en 開始
[1/1] 波A en 1440x900 — 32ショー
完了: 致命0 / 描画エラー0 / データ指摘0 / 警告0
[05:07:19] seed=45 wave=a 密度=low lang=en 終了 exit=0 :: 致命 0件 / 描画エラー 0件 データ指摘 0件 / 警告 0件 
[05:07:19] seed=45 wave=b 密度=low lang=en 開始
[1/1] 波B en 1440x900 — 32ショー
完了: 致命0 / 描画エラー0 / データ指摘0 / 警告0
[05:08:17] seed=45 wave=b 密度=low lang=en 終了 exit=0 :: 致命 0件 / 描画エラー 0件 データ指摘 0件 / 警告 0件 
[05:08:17] seed=46 wave=b 密度=high lang=ja 開始
[1/1] 波B ja 1440x900 持ち密度high — 32ショー
完了: 致命0 / 描画エラー0 / データ指摘0 / 警告0
[05:09:13] seed=46 wave=b 密度=high lang=ja 終了 exit=0 :: 致命 0件 / 描画エラー 0件 データ指摘 0件 / 警告 0件 
[05:09:14] seed=46 wave=b 密度=high lang=en 開始
[1/1] 波B en 1440x900 持ち密度high — 32ショー
完了: 致命0 / 描画エラー0 / データ指摘0 / 警告0
[05:10:12] seed=46 wave=b 密度=high lang=en 終了 exit=0 :: 致命 0件 / 描画エラー 0件 データ指摘 0件 / 警告 0件 
[05:10:12] seed=46 wave=b 密度=low lang=ja 開始
[1/1] 波B ja 1440x900 — 32ショー
完了: 致命0 / 描画エラー0 / データ指摘0 / 警告0
[05:11:08] seed=46 wave=b 密度=low lang=ja 終了 exit=0 :: 致命 0件 / 描画エラー 0件 データ指摘 0件 / 警告 0件 
[05:11:08] seed=46 wave=a 密度=low lang=ja 開始
[1/1] 波A ja 1440x900 — 32ショー
完了: 致命0 / 描画エラー0 / データ指摘0 / 警告0
[05:12:02] seed=46 wave=a 密度=low lang=ja 終了 exit=0 :: 致命 0件 / 描画エラー 0件 データ指摘 0件 / 警告 0件 
[05:12:02] seed=46 wave=a 密度=low lang=en 開始
[1/1] 波A en 1440x900 — 32ショー
完了: 致命0 / 描画エラー0 / データ指摘0 / 警告0
[05:12:58] seed=46 wave=a 密度=low lang=en 終了 exit=0 :: 致命 0件 / 描画エラー 0件 データ指摘 0件 / 警告 0件 
[05:12:58] seed=46 wave=b 密度=low lang=en 開始
[1/1] 波B en 1440x900 — 32ショー
完了: 致命0 / 描画エラー0 / データ指摘0 / 警告0
[05:13:56] seed=46 wave=b 密度=low lang=en 終了 exit=0 :: 致命 0件 / 描画エラー 0件 データ指摘 0件 / 警告 0件 
[05:13:56] seed=47 wave=b 密度=high lang=ja 開始
[1/1] 波B ja 1440x900 持ち密度high — 32ショー
完了: 致命0 / 描画エラー0 / データ指摘0 / 警告0
[05:14:52] seed=47 wave=b 密度=high lang=ja 終了 exit=0 :: 致命 0件 / 描画エラー 0件 データ指摘 0件 / 警告 0件 
[05:14:52] seed=47 wave=b 密度=high lang=en 開始
[1/1] 波B en 1440x900 持ち密度high — 32ショー
完了: 致命0 / 描画エラー0 / データ指摘0 / 警告0
[05:15:51] seed=47 wave=b 密度=high lang=en 終了 exit=0 :: 致命 0件 / 描画エラー 0件 データ指摘 0件 / 警告 0件 
[05:15:51] seed=47 wave=b 密度=low lang=ja 開始
[1/1] 波B ja 1440x900 — 32ショー
完了: 致命0 / 描画エラー0 / データ指摘0 / 警告0
[05:16:47] seed=47 wave=b 密度=low lang=ja 終了 exit=0 :: 致命 0件 / 描画エラー 0件 データ指摘 0件 / 警告 0件 
[05:16:47] seed=47 wave=a 密度=low lang=ja 開始
[1/1] 波A ja 1440x900 — 32ショー
完了: 致命0 / 描画エラー0 / データ指摘0 / 警告0
[05:17:41] seed=47 wave=a 密度=low lang=ja 終了 exit=0 :: 致命 0件 / 描画エラー 0件 データ指摘 0件 / 警告 0件 
[05:17:41] seed=47 wave=a 密度=low lang=en 開始
[1/1] 波A en 1440x900 — 32ショー
完了: 致命0 / 描画エラー0 / データ指摘0 / 警告0
[05:18:37] seed=47 wave=a 密度=low lang=en 終了 exit=0 :: 致命 0件 / 描画エラー 0件 データ指摘 0件 / 警告 0件 
[05:18:37] seed=47 wave=b 密度=low lang=en 開始
[1/1] 波B en 1440x900 — 32ショー
完了: 致命0 / 描画エラー0 / データ指摘0 / 警告0
[05:19:35] seed=47 wave=b 密度=low lang=en 終了 exit=0 :: 致命 0件 / 描画エラー 0件 データ指摘 0件 / 警告 0件 
[05:19:35] seed=48 wave=b 密度=high lang=ja 開始
[1/1] 波B ja 1440x900 持ち密度high — 32ショー
完了: 致命0 / 描画エラー0 / データ指摘0 / 警告0
[05:20:31] seed=48 wave=b 密度=high lang=ja 終了 exit=0 :: 致命 0件 / 描画エラー 0件 データ指摘 0件 / 警告 0件 
[05:20:31] seed=48 wave=b 密度=high lang=en 開始
[1/1] 波B en 1440x900 持ち密度high — 32ショー
完了: 致命0 / 描画エラー0 / データ指摘0 / 警告0
[05:21:29] seed=48 wave=b 密度=high lang=en 終了 exit=0 :: 致命 0件 / 描画エラー 0件 データ指摘 0件 / 警告 0件 
[05:21:29] seed=48 wave=b 密度=low lang=ja 開始
[1/1] 波B ja 1440x900 — 32ショー
完了: 致命0 / 描画エラー0 / データ指摘0 / 警告0
[05:22:24] seed=48 wave=b 密度=low lang=ja 終了 exit=0 :: 致命 0件 / 描画エラー 0件 データ指摘 0件 / 警告 0件 
[05:22:24] seed=48 wave=a 密度=low lang=ja 開始
[1/1] 波A ja 1440x900 — 32ショー
完了: 致命0 / 描画エラー0 / データ指摘0 / 警告0
[05:23:19] seed=48 wave=a 密度=low lang=ja 終了 exit=0 :: 致命 0件 / 描画エラー 0件 データ指摘 0件 / 警告 0件 
[05:23:19] seed=48 wave=a 密度=low lang=en 開始
[1/1] 波A en 1440x900 — 32ショー
完了: 致命0 / 描画エラー0 / データ指摘0 / 警告0
[05:24:15] seed=48 wave=a 密度=low lang=en 終了 exit=0 :: 致命 0件 / 描画エラー 0件 データ指摘 0件 / 警告 0件 
[05:24:15] seed=48 wave=b 密度=low lang=en 開始
[1/1] 波B en 1440x900 — 32ショー
完了: 致命0 / 描画エラー0 / データ指摘0 / 警告0
[05:25:13] seed=48 wave=b 密度=low lang=en 終了 exit=0 :: 致命 0件 / 描画エラー 0件 データ指摘 0件 / 警告 0件 
[05:25:13] seed=49 wave=b 密度=high lang=ja 開始
[1/1] 波B ja 1440x900 持ち密度high — 32ショー
完了: 致命0 / 描画エラー0 / データ指摘0 / 警告0
[05:26:09] seed=49 wave=b 密度=high lang=ja 終了 exit=0 :: 致命 0件 / 描画エラー 0件 データ指摘 0件 / 警告 0件 
[05:26:09] seed=49 wave=b 密度=high lang=en 開始
[1/1] 波B en 1440x900 持ち密度high — 32ショー
完了: 致命0 / 描画エラー0 / データ指摘0 / 警告0
[05:27:07] seed=49 wave=b 密度=high lang=en 終了 exit=0 :: 致命 0件 / 描画エラー 0件 データ指摘 0件 / 警告 0件 
[05:27:07] seed=49 wave=b 密度=low lang=ja 開始
[1/1] 波B ja 1440x900 — 32ショー
完了: 致命0 / 描画エラー0 / データ指摘0 / 警告0
[05:28:03] seed=49 wave=b 密度=low lang=ja 終了 exit=0 :: 致命 0件 / 描画エラー 0件 データ指摘 0件 / 警告 0件 
[05:28:03] seed=49 wave=a 密度=low lang=ja 開始
[1/1] 波A ja 1440x900 — 32ショー
完了: 致命0 / 描画エラー0 / データ指摘0 / 警告0
[05:28:57] seed=49 wave=a 密度=low lang=ja 終了 exit=0 :: 致命 0件 / 描画エラー 0件 データ指摘 0件 / 警告 0件 
[05:28:57] seed=49 wave=a 密度=low lang=en 開始
[1/1] 波A en 1440x900 — 32ショー
完了: 致命0 / 描画エラー0 / データ指摘0 / 警告0
[05:29:53] seed=49 wave=a 密度=low lang=en 終了 exit=0 :: 致命 0件 / 描画エラー 0件 データ指摘 0件 / 警告 0件 
[05:29:53] seed=49 wave=b 密度=low lang=en 開始
[1/1] 波B en 1440x900 — 32ショー
完了: 致命0 / 描画エラー0 / データ指摘0 / 警告0
[05:30:51] seed=49 wave=b 密度=low lang=en 終了 exit=0 :: 致命 0件 / 描画エラー 0件 データ指摘 0件 / 警告 0件 
[05:30:51] seed=50 wave=b 密度=high lang=ja 開始
[1/1] 波B ja 1440x900 持ち密度high — 32ショー
完了: 致命0 / 描画エラー0 / データ指摘0 / 警告0
[05:31:47] seed=50 wave=b 密度=high lang=ja 終了 exit=0 :: 致命 0件 / 描画エラー 0件 データ指摘 0件 / 警告 0件 
[05:31:47] seed=50 wave=b 密度=high lang=en 開始
[1/1] 波B en 1440x900 持ち密度high — 32ショー
完了: 致命0 / 描画エラー0 / データ指摘0 / 警告0
[05:32:45] seed=50 wave=b 密度=high lang=en 終了 exit=0 :: 致命 0件 / 描画エラー 0件 データ指摘 0件 / 警告 0件 
[05:32:45] seed=50 wave=b 密度=low lang=ja 開始
[1/1] 波B ja 1440x900 — 32ショー
完了: 致命0 / 描画エラー0 / データ指摘0 / 警告0
[05:33:41] seed=50 wave=b 密度=low lang=ja 終了 exit=0 :: 致命 0件 / 描画エラー 0件 データ指摘 0件 / 警告 0件 
[05:33:41] seed=50 wave=a 密度=low lang=ja 開始
[1/1] 波A ja 1440x900 — 32ショー
完了: 致命0 / 描画エラー0 / データ指摘0 / 警告0
[05:34:35] seed=50 wave=a 密度=low lang=ja 終了 exit=0 :: 致命 0件 / 描画エラー 0件 データ指摘 0件 / 警告 0件 
[05:34:35] seed=50 wave=a 密度=low lang=en 開始
[1/1] 波A en 1440x900 — 32ショー
完了: 致命0 / 描画エラー0 / データ指摘0 / 警告0
[05:35:31] seed=50 wave=a 密度=low lang=en 終了 exit=0 :: 致命 0件 / 描画エラー 0件 データ指摘 0件 / 警告 0件 
[05:35:31] seed=50 wave=b 密度=low lang=en 開始
[1/1] 波B en 1440x900 — 32ショー
完了: 致命0 / 描画エラー0 / データ指摘0 / 警告0
[05:36:29] seed=50 wave=b 密度=low lang=en 終了 exit=0 :: 致命 0件 / 描画エラー 0件 データ指摘 0件 / 警告 0件 
[05:36:29] seed=51 wave=b 密度=high lang=ja 開始
[1/1] 波B ja 1440x900 持ち密度high — 32ショー
完了: 致命0 / 描画エラー0 / データ指摘0 / 警告0
[05:37:25] seed=51 wave=b 密度=high lang=ja 終了 exit=0 :: 致命 0件 / 描画エラー 0件 データ指摘 0件 / 警告 0件 
[05:37:25] seed=51 wave=b 密度=high lang=en 開始
[1/1] 波B en 1440x900 持ち密度high — 32ショー
完了: 致命0 / 描画エラー0 / データ指摘0 / 警告0
[05:38:24] seed=51 wave=b 密度=high lang=en 終了 exit=0 :: 致命 0件 / 描画エラー 0件 データ指摘 0件 / 警告 0件 
[05:38:24] seed=51 wave=b 密度=low lang=ja 開始
[1/1] 波B ja 1440x900 — 32ショー
完了: 致命0 / 描画エラー0 / データ指摘0 / 警告0
[05:39:20] seed=51 wave=b 密度=low lang=ja 終了 exit=0 :: 致命 0件 / 描画エラー 0件 データ指摘 0件 / 警告 0件 
[05:39:20] seed=51 wave=a 密度=low lang=ja 開始
[1/1] 波A ja 1440x900 — 32ショー
完了: 致命0 / 描画エラー0 / データ指摘0 / 警告0
[05:40:14] seed=51 wave=a 密度=low lang=ja 終了 exit=0 :: 致命 0件 / 描画エラー 0件 データ指摘 0件 / 警告 0件 
[05:40:14] seed=51 wave=a 密度=low lang=en 開始
[1/1] 波A en 1440x900 — 32ショー
完了: 致命0 / 描画エラー0 / データ指摘0 / 警告0
[05:41:10] seed=51 wave=a 密度=low lang=en 終了 exit=0 :: 致命 0件 / 描画エラー 0件 データ指摘 0件 / 警告 0件 
[05:41:10] seed=51 wave=b 密度=low lang=en 開始
[1/1] 波B en 1440x900 — 32ショー
完了: 致命0 / 描画エラー0 / データ指摘0 / 警告0
[05:42:08] seed=51 wave=b 密度=low lang=en 終了 exit=0 :: 致命 0件 / 描画エラー 0件 データ指摘 0件 / 警告 0件 
[05:42:08] seed=52 wave=b 密度=high lang=ja 開始
[1/1] 波B ja 1440x900 持ち密度high — 32ショー
完了: 致命0 / 描画エラー0 / データ指摘0 / 警告0
[05:43:04] seed=52 wave=b 密度=high lang=ja 終了 exit=0 :: 致命 0件 / 描画エラー 0件 データ指摘 0件 / 警告 0件 
[05:43:04] seed=52 wave=b 密度=high lang=en 開始
[1/1] 波B en 1440x900 持ち密度high — 32ショー
完了: 致命0 / 描画エラー0 / データ指摘0 / 警告0
[05:44:03] seed=52 wave=b 密度=high lang=en 終了 exit=0 :: 致命 0件 / 描画エラー 0件 データ指摘 0件 / 警告 0件 
[05:44:03] seed=52 wave=b 密度=low lang=ja 開始
[1/1] 波B ja 1440x900 — 32ショー
完了: 致命0 / 描画エラー0 / データ指摘0 / 警告0
[05:44:58] seed=52 wave=b 密度=low lang=ja 終了 exit=0 :: 致命 0件 / 描画エラー 0件 データ指摘 0件 / 警告 0件 
[05:44:58] seed=52 wave=a 密度=low lang=ja 開始
[1/1] 波A ja 1440x900 — 32ショー
完了: 致命0 / 描画エラー0 / データ指摘0 / 警告0
[05:45:53] seed=52 wave=a 密度=low lang=ja 終了 exit=0 :: 致命 0件 / 描画エラー 0件 データ指摘 0件 / 警告 0件 
[05:45:53] seed=52 wave=a 密度=low lang=en 開始
[1/1] 波A en 1440x900 — 32ショー
完了: 致命0 / 描画エラー0 / データ指摘0 / 警告0
[05:46:49] seed=52 wave=a 密度=low lang=en 終了 exit=0 :: 致命 0件 / 描画エラー 0件 データ指摘 0件 / 警告 0件 
[05:46:49] seed=52 wave=b 密度=low lang=en 開始
[1/1] 波B en 1440x900 — 32ショー
完了: 致命0 / 描画エラー0 / データ指摘0 / 警告0
[05:47:47] seed=52 wave=b 密度=low lang=en 終了 exit=0 :: 致命 0件 / 描画エラー 0件 データ指摘 0件 / 警告 0件 
[05:47:47] seed=53 wave=b 密度=high lang=ja 開始
[1/1] 波B ja 1440x900 持ち密度high — 32ショー
完了: 致命0 / 描画エラー0 / データ指摘0 / 警告0
[05:48:43] seed=53 wave=b 密度=high lang=ja 終了 exit=0 :: 致命 0件 / 描画エラー 0件 データ指摘 0件 / 警告 0件 
[05:48:43] seed=53 wave=b 密度=high lang=en 開始
[1/1] 波B en 1440x900 持ち密度high — 32ショー
完了: 致命0 / 描画エラー0 / データ指摘0 / 警告0
[05:49:41] seed=53 wave=b 密度=high lang=en 終了 exit=0 :: 致命 0件 / 描画エラー 0件 データ指摘 0件 / 警告 0件 
[05:49:41] seed=53 wave=b 密度=low lang=ja 開始
[1/1] 波B ja 1440x900 — 32ショー
完了: 致命0 / 描画エラー0 / データ指摘0 / 警告0
[05:50:37] seed=53 wave=b 密度=low lang=ja 終了 exit=0 :: 致命 0件 / 描画エラー 0件 データ指摘 0件 / 警告 0件 
[05:50:37] seed=53 wave=a 密度=low lang=ja 開始
[1/1] 波A ja 1440x900 — 32ショー
完了: 致命0 / 描画エラー0 / データ指摘0 / 警告0
[05:51:31] seed=53 wave=a 密度=low lang=ja 終了 exit=0 :: 致命 0件 / 描画エラー 0件 データ指摘 0件 / 警告 0件 
[05:51:31] seed=53 wave=a 密度=low lang=en 開始
[1/1] 波A en 1440x900 — 32ショー
完了: 致命0 / 描画エラー0 / データ指摘0 / 警告0
[05:52:27] seed=53 wave=a 密度=low lang=en 終了 exit=0 :: 致命 0件 / 描画エラー 0件 データ指摘 0件 / 警告 0件 
[05:52:27] seed=53 wave=b 密度=low lang=en 開始
[1/1] 波B en 1440x900 — 32ショー
完了: 致命0 / 描画エラー0 / データ指摘0 / 警告0
[05:53:25] seed=53 wave=b 密度=low lang=en 終了 exit=0 :: 致命 0件 / 描画エラー 0件 データ指摘 0件 / 警告 0件 
[05:53:25] seed=54 wave=b 密度=high lang=ja 開始
[1/1] 波B ja 1440x900 持ち密度high — 32ショー
完了: 致命0 / 描画エラー0 / データ指摘0 / 警告0
[05:54:22] seed=54 wave=b 密度=high lang=ja 終了 exit=0 :: 致命 0件 / 描画エラー 0件 データ指摘 0件 / 警告 0件 
[05:54:22] seed=54 wave=b 密度=high lang=en 開始
[1/1] 波B en 1440x900 持ち密度high — 32ショー
完了: 致命0 / 描画エラー0 / データ指摘0 / 警告0
[05:55:20] seed=54 wave=b 密度=high lang=en 終了 exit=0 :: 致命 0件 / 描画エラー 0件 データ指摘 0件 / 警告 0件 
[05:55:20] seed=54 wave=b 密度=low lang=ja 開始
[1/1] 波B ja 1440x900 — 32ショー
完了: 致命0 / 描画エラー0 / データ指摘0 / 警告0
[05:56:16] seed=54 wave=b 密度=low lang=ja 終了 exit=0 :: 致命 0件 / 描画エラー 0件 データ指摘 0件 / 警告 0件 
[05:56:16] seed=54 wave=a 密度=low lang=ja 開始
[1/1] 波A ja 1440x900 — 32ショー
完了: 致命0 / 描画エラー0 / データ指摘0 / 警告0
[05:57:10] seed=54 wave=a 密度=low lang=ja 終了 exit=0 :: 致命 0件 / 描画エラー 0件 データ指摘 0件 / 警告 0件 
[05:57:10] seed=54 wave=a 密度=low lang=en 開始
[1/1] 波A en 1440x900 — 32ショー
完了: 致命0 / 描画エラー0 / データ指摘0 / 警告0
[05:58:06] seed=54 wave=a 密度=low lang=en 終了 exit=0 :: 致命 0件 / 描画エラー 0件 データ指摘 0件 / 警告 0件 
[05:58:06] seed=54 wave=b 密度=low lang=en 開始
[1/1] 波B en 1440x900 — 32ショー
完了: 致命0 / 描画エラー0 / データ指摘0 / 警告0
[05:59:04] seed=54 wave=b 密度=low lang=en 終了 exit=0 :: 致命 0件 / 描画エラー 0件 データ指摘 0件 / 警告 0件 
[05:59:04] seed=55 wave=b 密度=high lang=ja 開始
[1/1] 波B ja 1440x900 持ち密度high — 32ショー
完了: 致命0 / 描画エラー0 / データ指摘0 / 警告0
[06:00:00] seed=55 wave=b 密度=high lang=ja 終了 exit=0 :: 致命 0件 / 描画エラー 0件 データ指摘 0件 / 警告 0件 
[06:00:00] seed=55 wave=b 密度=high lang=en 開始
[1/1] 波B en 1440x900 持ち密度high — 32ショー
完了: 致命0 / 描画エラー0 / データ指摘0 / 警告0
[06:00:58] seed=55 wave=b 密度=high lang=en 終了 exit=0 :: 致命 0件 / 描画エラー 0件 データ指摘 0件 / 警告 0件 
[06:00:58] seed=55 wave=b 密度=low lang=ja 開始
[1/1] 波B ja 1440x900 — 32ショー
完了: 致命0 / 描画エラー0 / データ指摘0 / 警告0
[06:01:54] seed=55 wave=b 密度=low lang=ja 終了 exit=0 :: 致命 0件 / 描画エラー 0件 データ指摘 0件 / 警告 0件 
[06:01:54] seed=55 wave=a 密度=low lang=ja 開始
[1/1] 波A ja 1440x900 — 32ショー
完了: 致命0 / 描画エラー0 / データ指摘0 / 警告0
[06:02:48] seed=55 wave=a 密度=low lang=ja 終了 exit=0 :: 致命 0件 / 描画エラー 0件 データ指摘 0件 / 警告 0件 
[06:02:48] seed=55 wave=a 密度=low lang=en 開始
[1/1] 波A en 1440x900 — 32ショー
完了: 致命0 / 描画エラー0 / データ指摘0 / 警告0
[06:03:44] seed=55 wave=a 密度=low lang=en 終了 exit=0 :: 致命 0件 / 描画エラー 0件 データ指摘 0件 / 警告 0件 
[06:03:44] seed=55 wave=b 密度=low lang=en 開始
[1/1] 波B en 1440x900 — 32ショー
完了: 致命0 / 描画エラー0 / データ指摘0 / 警告0
[06:04:42] seed=55 wave=b 密度=low lang=en 終了 exit=0 :: 致命 0件 / 描画エラー 0件 データ指摘 0件 / 警告 0件 
[06:04:42] seed=56 wave=b 密度=high lang=ja 開始
[1/1] 波B ja 1440x900 持ち密度high — 32ショー
完了: 致命0 / 描画エラー0 / データ指摘0 / 警告0
[06:05:38] seed=56 wave=b 密度=high lang=ja 終了 exit=0 :: 致命 0件 / 描画エラー 0件 データ指摘 0件 / 警告 0件 
[06:05:38] seed=56 wave=b 密度=high lang=en 開始
[1/1] 波B en 1440x900 持ち密度high — 32ショー
完了: 致命0 / 描画エラー0 / データ指摘0 / 警告0
[06:06:37] seed=56 wave=b 密度=high lang=en 終了 exit=0 :: 致命 0件 / 描画エラー 0件 データ指摘 0件 / 警告 0件 
[06:06:37] seed=56 wave=b 密度=low lang=ja 開始
[1/1] 波B ja 1440x900 — 32ショー
完了: 致命0 / 描画エラー0 / データ指摘0 / 警告0
[06:07:32] seed=56 wave=b 密度=low lang=ja 終了 exit=0 :: 致命 0件 / 描画エラー 0件 データ指摘 0件 / 警告 0件 
[06:07:32] seed=56 wave=a 密度=low lang=ja 開始
[1/1] 波A ja 1440x900 — 32ショー
完了: 致命0 / 描画エラー0 / データ指摘0 / 警告0
[06:08:26] seed=56 wave=a 密度=low lang=ja 終了 exit=0 :: 致命 0件 / 描画エラー 0件 データ指摘 0件 / 警告 0件 
[06:08:26] seed=56 wave=a 密度=low lang=en 開始
[1/1] 波A en 1440x900 — 32ショー
完了: 致命0 / 描画エラー0 / データ指摘0 / 警告0
[06:09:22] seed=56 wave=a 密度=low lang=en 終了 exit=0 :: 致命 0件 / 描画エラー 0件 データ指摘 0件 / 警告 0件 
[06:09:22] seed=56 wave=b 密度=low lang=en 開始
[1/1] 波B en 1440x900 — 32ショー
完了: 致命0 / 描画エラー0 / データ指摘0 / 警告0
[06:10:20] seed=56 wave=b 密度=low lang=en 終了 exit=0 :: 致命 0件 / 描画エラー 0件 データ指摘 0件 / 警告 0件 
[06:10:20] seed=57 wave=b 密度=high lang=ja 開始
[1/1] 波B ja 1440x900 持ち密度high — 32ショー
完了: 致命0 / 描画エラー0 / データ指摘0 / 警告0
[06:11:16] seed=57 wave=b 密度=high lang=ja 終了 exit=0 :: 致命 0件 / 描画エラー 0件 データ指摘 0件 / 警告 0件 
[06:11:16] seed=57 wave=b 密度=high lang=en 開始
[1/1] 波B en 1440x900 持ち密度high — 32ショー
完了: 致命0 / 描画エラー0 / データ指摘0 / 警告0
[06:12:15] seed=57 wave=b 密度=high lang=en 終了 exit=0 :: 致命 0件 / 描画エラー 0件 データ指摘 0件 / 警告 0件 
[06:12:15] seed=57 wave=b 密度=low lang=ja 開始
[1/1] 波B ja 1440x900 — 32ショー
完了: 致命0 / 描画エラー0 / データ指摘0 / 警告0
[06:13:10] seed=57 wave=b 密度=low lang=ja 終了 exit=0 :: 致命 0件 / 描画エラー 0件 データ指摘 0件 / 警告 0件 
[06:13:10] seed=57 wave=a 密度=low lang=ja 開始
[1/1] 波A ja 1440x900 — 32ショー
完了: 致命0 / 描画エラー0 / データ指摘0 / 警告0
[06:14:04] seed=57 wave=a 密度=low lang=ja 終了 exit=0 :: 致命 0件 / 描画エラー 0件 データ指摘 0件 / 警告 0件 
[06:14:04] seed=57 wave=a 密度=low lang=en 開始
[1/1] 波A en 1440x900 — 32ショー
完了: 致命0 / 描画エラー0 / データ指摘0 / 警告0
[06:15:01] seed=57 wave=a 密度=low lang=en 終了 exit=0 :: 致命 0件 / 描画エラー 0件 データ指摘 0件 / 警告 0件 
[06:15:01] seed=57 wave=b 密度=low lang=en 開始
[1/1] 波B en 1440x900 — 32ショー
完了: 致命0 / 描画エラー0 / データ指摘0 / 警告0
[06:15:59] seed=57 wave=b 密度=low lang=en 終了 exit=0 :: 致命 0件 / 描画エラー 0件 データ指摘 0件 / 警告 0件 
[06:15:59] seed=58 wave=b 密度=high lang=ja 開始
[1/1] 波B ja 1440x900 持ち密度high — 32ショー
完了: 致命0 / 描画エラー0 / データ指摘0 / 警告0
[06:16:55] seed=58 wave=b 密度=high lang=ja 終了 exit=0 :: 致命 0件 / 描画エラー 0件 データ指摘 0件 / 警告 0件 
[06:16:55] seed=58 wave=b 密度=high lang=en 開始
[1/1] 波B en 1440x900 持ち密度high — 32ショー
完了: 致命0 / 描画エラー0 / データ指摘0 / 警告0
[06:17:53] seed=58 wave=b 密度=high lang=en 終了 exit=0 :: 致命 0件 / 描画エラー 0件 データ指摘 0件 / 警告 0件 
[06:17:53] seed=58 wave=b 密度=low lang=ja 開始
[1/1] 波B ja 1440x900 — 32ショー
完了: 致命0 / 描画エラー0 / データ指摘0 / 警告0
[06:18:49] seed=58 wave=b 密度=low lang=ja 終了 exit=0 :: 致命 0件 / 描画エラー 0件 データ指摘 0件 / 警告 0件 
[06:18:49] seed=58 wave=a 密度=low lang=ja 開始
[1/1] 波A ja 1440x900 — 32ショー
完了: 致命0 / 描画エラー0 / データ指摘0 / 警告0
[06:19:43] seed=58 wave=a 密度=low lang=ja 終了 exit=0 :: 致命 0件 / 描画エラー 0件 データ指摘 0件 / 警告 0件 
[06:19:43] seed=58 wave=a 密度=low lang=en 開始
[1/1] 波A en 1440x900 — 32ショー
完了: 致命0 / 描画エラー0 / データ指摘0 / 警告0
[06:20:39] seed=58 wave=a 密度=low lang=en 終了 exit=0 :: 致命 0件 / 描画エラー 0件 データ指摘 0件 / 警告 0件 
[06:20:39] seed=58 wave=b 密度=low lang=en 開始
[1/1] 波B en 1440x900 — 32ショー
完了: 致命0 / 描画エラー0 / データ指摘0 / 警告0
[06:21:37] seed=58 wave=b 密度=low lang=en 終了 exit=0 :: 致命 0件 / 描画エラー 0件 データ指摘 0件 / 警告 0件 
[06:21:37] seed=59 wave=b 密度=high lang=ja 開始
[1/1] 波B ja 1440x900 持ち密度high — 32ショー
完了: 致命0 / 描画エラー0 / データ指摘0 / 警告0
[06:22:33] seed=59 wave=b 密度=high lang=ja 終了 exit=0 :: 致命 0件 / 描画エラー 0件 データ指摘 0件 / 警告 0件 
[06:22:33] seed=59 wave=b 密度=high lang=en 開始
[1/1] 波B en 1440x900 持ち密度high — 32ショー
完了: 致命0 / 描画エラー0 / データ指摘0 / 警告0
[06:23:32] seed=59 wave=b 密度=high lang=en 終了 exit=0 :: 致命 0件 / 描画エラー 0件 データ指摘 0件 / 警告 0件 
[06:23:32] seed=59 wave=b 密度=low lang=ja 開始
[1/1] 波B ja 1440x900 — 32ショー
完了: 致命0 / 描画エラー0 / データ指摘0 / 警告0
[06:24:27] seed=59 wave=b 密度=low lang=ja 終了 exit=0 :: 致命 0件 / 描画エラー 0件 データ指摘 0件 / 警告 0件 
[06:24:27] seed=59 wave=a 密度=low lang=ja 開始
[1/1] 波A ja 1440x900 — 32ショー
完了: 致命0 / 描画エラー0 / データ指摘0 / 警告0
[06:25:21] seed=59 wave=a 密度=low lang=ja 終了 exit=0 :: 致命 0件 / 描画エラー 0件 データ指摘 0件 / 警告 0件 
[06:25:21] seed=59 wave=a 密度=low lang=en 開始
[1/1] 波A en 1440x900 — 32ショー
完了: 致命0 / 描画エラー0 / データ指摘0 / 警告0
[06:26:18] seed=59 wave=a 密度=low lang=en 終了 exit=0 :: 致命 0件 / 描画エラー 0件 データ指摘 0件 / 警告 0件 
[06:26:18] seed=59 wave=b 密度=low lang=en 開始
[1/1] 波B en 1440x900 — 32ショー
完了: 致命0 / 描画エラー0 / データ指摘0 / 警告0
[06:27:16] seed=59 wave=b 密度=low lang=en 終了 exit=0 :: 致命 0件 / 描画エラー 0件 データ指摘 0件 / 警告 0件 
[06:27:16] seed=60 wave=b 密度=high lang=ja 開始
[1/1] 波B ja 1440x900 持ち密度high — 32ショー
完了: 致命0 / 描画エラー0 / データ指摘0 / 警告0
[06:28:12] seed=60 wave=b 密度=high lang=ja 終了 exit=0 :: 致命 0件 / 描画エラー 0件 データ指摘 0件 / 警告 0件 
[06:28:12] seed=60 wave=b 密度=high lang=en 開始
[1/1] 波B en 1440x900 持ち密度high — 32ショー
完了: 致命0 / 描画エラー0 / データ指摘0 / 警告0
[06:29:10] seed=60 wave=b 密度=high lang=en 終了 exit=0 :: 致命 0件 / 描画エラー 0件 データ指摘 0件 / 警告 0件 
[06:29:10] seed=60 wave=b 密度=low lang=ja 開始
[1/1] 波B ja 1440x900 — 32ショー
完了: 致命0 / 描画エラー0 / データ指摘0 / 警告0
[06:30:06] seed=60 wave=b 密度=low lang=ja 終了 exit=0 :: 致命 0件 / 描画エラー 0件 データ指摘 0件 / 警告 0件 
[06:30:06] seed=60 wave=a 密度=low lang=ja 開始
[1/1] 波A ja 1440x900 — 32ショー
完了: 致命0 / 描画エラー0 / データ指摘0 / 警告0
[06:31:00] seed=60 wave=a 密度=low lang=ja 終了 exit=0 :: 致命 0件 / 描画エラー 0件 データ指摘 0件 / 警告 0件 
[06:31:00] seed=60 wave=a 密度=low lang=en 開始
[1/1] 波A en 1440x900 — 32ショー
完了: 致命0 / 描画エラー0 / データ指摘0 / 警告0
[06:31:57] seed=60 wave=a 密度=low lang=en 終了 exit=0 :: 致命 0件 / 描画エラー 0件 データ指摘 0件 / 警告 0件 
[06:31:57] seed=60 wave=b 密度=low lang=en 開始
[1/1] 波B en 1440x900 — 32ショー
完了: 致命0 / 描画エラー0 / データ指摘0 / 警告0
[06:32:54] seed=60 wave=b 密度=low lang=en 終了 exit=0 :: 致命 0件 / 描画エラー 0件 データ指摘 0件 / 警告 0件 
[06:32:54] seed=61 wave=b 密度=high lang=ja 開始
[1/1] 波B ja 1440x900 持ち密度high — 32ショー
完了: 致命0 / 描画エラー0 / データ指摘0 / 警告0
[06:33:51] seed=61 wave=b 密度=high lang=ja 終了 exit=0 :: 致命 0件 / 描画エラー 0件 データ指摘 0件 / 警告 0件 
[06:33:51] seed=61 wave=b 密度=high lang=en 開始
[1/1] 波B en 1440x900 持ち密度high — 32ショー
完了: 致命0 / 描画エラー0 / データ指摘0 / 警告0
[06:34:49] seed=61 wave=b 密度=high lang=en 終了 exit=0 :: 致命 0件 / 描画エラー 0件 データ指摘 0件 / 警告 0件 
[06:34:49] seed=61 wave=b 密度=low lang=ja 開始
[1/1] 波B ja 1440x900 — 32ショー
完了: 致命0 / 描画エラー0 / データ指摘0 / 警告0
[06:35:45] seed=61 wave=b 密度=low lang=ja 終了 exit=0 :: 致命 0件 / 描画エラー 0件 データ指摘 0件 / 警告 0件 
[06:35:45] seed=61 wave=a 密度=low lang=ja 開始
[1/1] 波A ja 1440x900 — 32ショー
完了: 致命0 / 描画エラー0 / データ指摘0 / 警告0
[06:36:39] seed=61 wave=a 密度=low lang=ja 終了 exit=0 :: 致命 0件 / 描画エラー 0件 データ指摘 0件 / 警告 0件 
[06:36:39] seed=61 wave=a 密度=low lang=en 開始
[1/1] 波A en 1440x900 — 32ショー
完了: 致命0 / 描画エラー0 / データ指摘0 / 警告0
[06:37:35] seed=61 wave=a 密度=low lang=en 終了 exit=0 :: 致命 0件 / 描画エラー 0件 データ指摘 0件 / 警告 0件 
[06:37:35] seed=61 wave=b 密度=low lang=en 開始
[1/1] 波B en 1440x900 — 32ショー
完了: 致命0 / 描画エラー0 / データ指摘0 / 警告0
[06:38:33] seed=61 wave=b 密度=low lang=en 終了 exit=0 :: 致命 0件 / 描画エラー 0件 データ指摘 0件 / 警告 0件 
[06:38:33] seed=62 wave=b 密度=high lang=ja 開始
[1/1] 波B ja 1440x900 持ち密度high — 32ショー
完了: 致命0 / 描画エラー0 / データ指摘0 / 警告0
[06:39:29] seed=62 wave=b 密度=high lang=ja 終了 exit=0 :: 致命 0件 / 描画エラー 0件 データ指摘 0件 / 警告 0件 
[06:39:29] seed=62 wave=b 密度=high lang=en 開始
[1/1] 波B en 1440x900 持ち密度high — 32ショー
完了: 致命0 / 描画エラー0 / データ指摘0 / 警告0
[06:40:27] seed=62 wave=b 密度=high lang=en 終了 exit=0 :: 致命 0件 / 描画エラー 0件 データ指摘 0件 / 警告 0件 
[06:40:27] seed=62 wave=b 密度=low lang=ja 開始
[1/1] 波B ja 1440x900 — 32ショー
完了: 致命0 / 描画エラー0 / データ指摘0 / 警告0
[06:41:23] seed=62 wave=b 密度=low lang=ja 終了 exit=0 :: 致命 0件 / 描画エラー 0件 データ指摘 0件 / 警告 0件 
[06:41:23] seed=62 wave=a 密度=low lang=ja 開始
[1/1] 波A ja 1440x900 — 32ショー
完了: 致命0 / 描画エラー0 / データ指摘0 / 警告0
[06:42:17] seed=62 wave=a 密度=low lang=ja 終了 exit=0 :: 致命 0件 / 描画エラー 0件 データ指摘 0件 / 警告 0件 
[06:42:17] seed=62 wave=a 密度=low lang=en 開始
[1/1] 波A en 1440x900 — 32ショー
完了: 致命0 / 描画エラー0 / データ指摘0 / 警告0
[06:43:13] seed=62 wave=a 密度=low lang=en 終了 exit=0 :: 致命 0件 / 描画エラー 0件 データ指摘 0件 / 警告 0件 
[06:43:13] seed=62 wave=b 密度=low lang=en 開始
[1/1] 波B en 1440x900 — 32ショー
完了: 致命0 / 描画エラー0 / データ指摘0 / 警告0
[06:44:10] seed=62 wave=b 密度=low lang=en 終了 exit=0 :: 致命 0件 / 描画エラー 0件 データ指摘 0件 / 警告 0件 
[06:44:10] seed=63 wave=b 密度=high lang=ja 開始
[1/1] 波B ja 1440x900 持ち密度high — 32ショー
完了: 致命0 / 描画エラー0 / データ指摘0 / 警告0
[06:45:06] seed=63 wave=b 密度=high lang=ja 終了 exit=0 :: 致命 0件 / 描画エラー 0件 データ指摘 0件 / 警告 0件 
[06:45:06] seed=63 wave=b 密度=high lang=en 開始
[1/1] 波B en 1440x900 持ち密度high — 32ショー
完了: 致命0 / 描画エラー0 / データ指摘0 / 警告0
[06:46:05] seed=63 wave=b 密度=high lang=en 終了 exit=0 :: 致命 0件 / 描画エラー 0件 データ指摘 0件 / 警告 0件 
[06:46:05] seed=63 wave=b 密度=low lang=ja 開始
[1/1] 波B ja 1440x900 — 32ショー
完了: 致命0 / 描画エラー0 / データ指摘0 / 警告0
[06:47:01] seed=63 wave=b 密度=low lang=ja 終了 exit=0 :: 致命 0件 / 描画エラー 0件 データ指摘 0件 / 警告 0件 
[06:47:01] seed=63 wave=a 密度=low lang=ja 開始
[1/1] 波A ja 1440x900 — 32ショー
完了: 致命0 / 描画エラー0 / データ指摘0 / 警告0
[06:47:55] seed=63 wave=a 密度=low lang=ja 終了 exit=0 :: 致命 0件 / 描画エラー 0件 データ指摘 0件 / 警告 0件 
[06:47:55] seed=63 wave=a 密度=low lang=en 開始
[1/1] 波A en 1440x900 — 32ショー
完了: 致命0 / 描画エラー0 / データ指摘0 / 警告0
[06:48:51] seed=63 wave=a 密度=low lang=en 終了 exit=0 :: 致命 0件 / 描画エラー 0件 データ指摘 0件 / 警告 0件 
[06:48:51] seed=63 wave=b 密度=low lang=en 開始
[1/1] 波B en 1440x900 — 32ショー
完了: 致命0 / 描画エラー0 / データ指摘0 / 警告0
[06:49:49] seed=63 wave=b 密度=low lang=en 終了 exit=0 :: 致命 0件 / 描画エラー 0件 データ指摘 0件 / 警告 0件 
[06:49:49] seed=64 wave=b 密度=high lang=ja 開始
[1/1] 波B ja 1440x900 持ち密度high — 32ショー
完了: 致命0 / 描画エラー0 / データ指摘0 / 警告0
[06:50:45] seed=64 wave=b 密度=high lang=ja 終了 exit=0 :: 致命 0件 / 描画エラー 0件 データ指摘 0件 / 警告 0件 
[06:50:45] seed=64 wave=b 密度=high lang=en 開始
[1/1] 波B en 1440x900 持ち密度high — 32ショー
完了: 致命0 / 描画エラー0 / データ指摘0 / 警告0
[06:51:43] seed=64 wave=b 密度=high lang=en 終了 exit=0 :: 致命 0件 / 描画エラー 0件 データ指摘 0件 / 警告 0件 
[06:51:43] seed=64 wave=b 密度=low lang=ja 開始
[1/1] 波B ja 1440x900 — 32ショー
完了: 致命0 / 描画エラー0 / データ指摘0 / 警告0
[06:52:39] seed=64 wave=b 密度=low lang=ja 終了 exit=0 :: 致命 0件 / 描画エラー 0件 データ指摘 0件 / 警告 0件 
[06:52:39] seed=64 wave=a 密度=low lang=ja 開始
[1/1] 波A ja 1440x900 — 32ショー
完了: 致命0 / 描画エラー0 / データ指摘0 / 警告0
[06:53:33] seed=64 wave=a 密度=low lang=ja 終了 exit=0 :: 致命 0件 / 描画エラー 0件 データ指摘 0件 / 警告 0件 
[06:53:33] seed=64 wave=a 密度=low lang=en 開始
[1/1] 波A en 1440x900 — 32ショー
完了: 致命0 / 描画エラー0 / データ指摘0 / 警告0
[06:54:29] seed=64 wave=a 密度=low lang=en 終了 exit=0 :: 致命 0件 / 描画エラー 0件 データ指摘 0件 / 警告 0件 
[06:54:29] seed=64 wave=b 密度=low lang=en 開始
[1/1] 波B en 1440x900 — 32ショー
完了: 致命0 / 描画エラー0 / データ指摘0 / 警告0
[06:55:27] seed=64 wave=b 密度=low lang=en 終了 exit=0 :: 致命 0件 / 描画エラー 0件 データ指摘 0件 / 警告 0件 
[06:55:27] seed=65 wave=b 密度=high lang=ja 開始
[1/1] 波B ja 1440x900 持ち密度high — 32ショー
完了: 致命0 / 描画エラー0 / データ指摘0 / 警告0
[06:56:23] seed=65 wave=b 密度=high lang=ja 終了 exit=0 :: 致命 0件 / 描画エラー 0件 データ指摘 0件 / 警告 0件 
[06:56:23] seed=65 wave=b 密度=high lang=en 開始
[1/1] 波B en 1440x900 持ち密度high — 32ショー
完了: 致命0 / 描画エラー0 / データ指摘0 / 警告0
[06:57:21] seed=65 wave=b 密度=high lang=en 終了 exit=0 :: 致命 0件 / 描画エラー 0件 データ指摘 0件 / 警告 0件 
[06:57:21] seed=65 wave=b 密度=low lang=ja 開始
[1/1] 波B ja 1440x900 — 32ショー
完了: 致命0 / 描画エラー0 / データ指摘0 / 警告0
[06:58:17] seed=65 wave=b 密度=low lang=ja 終了 exit=0 :: 致命 0件 / 描画エラー 0件 データ指摘 0件 / 警告 0件 
[06:58:17] seed=65 wave=a 密度=low lang=ja 開始
[1/1] 波A ja 1440x900 — 32ショー
完了: 致命0 / 描画エラー0 / データ指摘0 / 警告0
[06:59:11] seed=65 wave=a 密度=low lang=ja 終了 exit=0 :: 致命 0件 / 描画エラー 0件 データ指摘 0件 / 警告 0件 
[06:59:11] seed=65 wave=a 密度=low lang=en 開始
[1/1] 波A en 1440x900 — 32ショー
完了: 致命0 / 描画エラー0 / データ指摘0 / 警告0
[07:00:07] seed=65 wave=a 密度=low lang=en 終了 exit=0 :: 致命 0件 / 描画エラー 0件 データ指摘 0件 / 警告 0件 
[07:00:07] 07:00 到達。夜間ループ終了。最後の種=65
